[2026-05-18T12:50:50.247Z] [INFO   ] ──────────────────── BDBP1-204 ────────────────────
[2026-05-18T12:50:50.256Z] [INFO   ] Validating ticket BDBP1-204…
[2026-05-18T12:50:51.446Z] [SUCCESS] Ticket found
[2026-05-18T12:50:51.453Z] [INFO   ] Folder structure ready: C:\Users\NeelmaVempada\First_Project_Agentic\jira-output\BDBP1-204
[2026-05-18T12:50:51.455Z] [INFO   ] Fetching issue: BDBP1-204
[2026-05-18T12:50:51.458Z] [INFO   ] Fetching comments…
[2026-05-18T12:50:51.463Z] [INFO   ] Fetching changelog…
[2026-05-18T12:50:52.122Z] [INFO   ]   → 60 history entries
[2026-05-18T12:50:52.499Z] [INFO   ]   → 12 comment(s)
[2026-05-18T12:50:52.919Z] [INFO   ] Fetching epic: BDBP1-153
[2026-05-18T12:50:53.336Z] [INFO   ] Fetching remote links…
[2026-05-18T12:50:54.324Z] [INFO   ] Resolving 9 mentioned user(s)…
[2026-05-18T12:50:55.307Z] [INFO   ]   → resolved: Prachi Jangid, Namratha Matcha, Ankit Bhatia, Arnav Gaddam, Yusuf Khan, Neelima Vempada, Nirdesh Banala, Madhu Latha Gaddam, Amarnath Marupilla
[2026-05-18T12:50:55.308Z] [INFO   ] Saving metadata…
[2026-05-18T12:50:55.320Z] [INFO   ] Generating summary files…
[2026-05-18T12:50:55.390Z] [INFO   ] Saving comments…
[2026-05-18T12:50:55.396Z] [INFO   ] Saving links…
[2026-05-18T12:50:55.400Z] [INFO   ] Saving subtasks…
[2026-05-18T12:50:55.401Z] [INFO   ] Downloading 7 attachment(s)…
[2026-05-18T12:50:55.402Z] [INFO   ]   ↓ Cards.zip (6.1 KB)
[2026-05-18T12:50:56.283Z] [SUCCESS]   ✓ Cards.zip
[2026-05-18T12:50:56.284Z] [INFO   ]   ↓ image-20251109-045900.png (102.2 KB)
[2026-05-18T12:50:57.984Z] [SUCCESS]   ✓ image-20251109-045900.png
[2026-05-18T12:50:57.985Z] [INFO   ]   ↓ image-20260122-084049.png (859.7 KB)
[2026-05-18T12:51:00.807Z] [SUCCESS]   ✓ image-20260122-084049.png
[2026-05-18T12:51:00.808Z] [INFO   ]   ↓ image-20260122-084117.png (36.2 KB)
[2026-05-18T12:51:02.372Z] [SUCCESS]   ✓ image-20260122-084117.png
[2026-05-18T12:51:02.373Z] [INFO   ]   ↓ image-20260211-114345.png (37.3 KB)
[2026-05-18T12:51:03.250Z] [SUCCESS]   ✓ image-20260211-114345.png
[2026-05-18T12:51:03.251Z] [INFO   ]   ↓ image-20260211-114412.png (36.8 KB)
[2026-05-18T12:51:04.068Z] [SUCCESS]   ✓ image-20260211-114412.png
[2026-05-18T12:51:04.069Z] [INFO   ]   ↓ image-20260225-101239.png (75.6 KB)
[2026-05-18T12:51:05.646Z] [SUCCESS]   ✓ image-20260225-101239.png
[2026-05-18T12:51:05.647Z] [INFO   ] Building complete_ticket_context.md…
[2026-05-18T12:51:05.652Z] [INFO   ] ──────────────────── DONE ────────────────────
[2026-05-18T12:51:05.653Z] [SUCCESS] Output: C:\Users\NeelmaVempada\First_Project_Agentic\jira-output\BDBP1-204
