[2026-05-21T09:12:21.943Z] [INFO   ] ──────────────────── UWB-3 ────────────────────
[2026-05-21T09:12:21.944Z] [INFO   ] Validating ticket UWB-3…
[2026-05-21T09:12:22.277Z] [SUCCESS] Ticket found
[2026-05-21T09:12:22.288Z] [INFO   ] Folder structure ready: C:\Users\NeelmaVempada\First_Project_Agentic\jira-output\UWB-3
[2026-05-21T09:12:22.290Z] [INFO   ] Fetching issue: UWB-3
[2026-05-21T09:12:22.294Z] [INFO   ] Fetching comments…
[2026-05-21T09:12:22.297Z] [INFO   ] Fetching changelog…
[2026-05-21T09:12:22.679Z] [INFO   ]   → 3 comment(s)
[2026-05-21T09:12:22.725Z] [INFO   ]   → 27 history entries
[2026-05-21T09:12:22.787Z] [INFO   ] Fetching sprint via Agile API…
[2026-05-21T09:12:23.222Z] [INFO   ] Fetching remote links…
[2026-05-21T09:12:23.577Z] [INFO   ] Resolving 8 mentioned user(s)…
[2026-05-21T09:12:24.464Z] [INFO   ]   → resolved: Milica Kosic, Sahitya Muppireddy, Ziad Elharaoui, annapurna.rudrabhatla, Rahul Dube, Abdul Adnan, Akhelaaditya, Mythili T
[2026-05-21T09:12:24.465Z] [INFO   ] Saving metadata…
[2026-05-21T09:12:24.472Z] [INFO   ] Generating summary files…
[2026-05-21T09:12:24.479Z] [INFO   ] Saving comments…
[2026-05-21T09:12:24.492Z] [INFO   ] Saving links…
[2026-05-21T09:12:24.496Z] [INFO   ] Saving subtasks…
[2026-05-21T09:12:24.499Z] [INFO   ] Downloading 0 attachment(s)…
[2026-05-21T09:12:24.502Z] [INFO   ] Building complete_ticket_context.md…
[2026-05-21T09:12:24.509Z] [INFO   ] ──────────────────── DONE ────────────────────
[2026-05-21T09:12:24.510Z] [SUCCESS] Output: C:\Users\NeelmaVempada\First_Project_Agentic\jira-output\UWB-3
