[2026-05-19T10:19:07.528Z] [INFO   ] ──────────────────── UWB-2 ────────────────────
[2026-05-19T10:19:07.531Z] [INFO   ] Validating ticket UWB-2…
[2026-05-19T10:19:08.610Z] [SUCCESS] Ticket found
[2026-05-19T10:19:08.619Z] [INFO   ] Folder structure ready: C:\Users\NeelmaVempada\First_Project_Agentic\jira-output\UWB-2
[2026-05-19T10:19:08.620Z] [INFO   ] Fetching issue: UWB-2
[2026-05-19T10:19:08.623Z] [INFO   ] Fetching comments…
[2026-05-19T10:19:08.628Z] [INFO   ] Fetching changelog…
[2026-05-19T10:19:09.581Z] [INFO   ]   → 20 history entries
[2026-05-19T10:19:09.603Z] [INFO   ]   → 1 comment(s)
[2026-05-19T10:19:09.604Z] [INFO   ] Fetching sprint via Agile API…
[2026-05-19T10:19:10.078Z] [INFO   ] Fetching remote links…
[2026-05-19T10:19:10.999Z] [INFO   ] Resolving 7 mentioned user(s)…
[2026-05-19T10:19:12.037Z] [INFO   ]   → resolved: Milica Kosic, Sahitya Muppireddy, Ziad Elharaoui, annapurna.rudrabhatla, Rahul Dube, Abdul Adnan, Akhelaaditya
[2026-05-19T10:19:12.038Z] [INFO   ] Saving metadata…
[2026-05-19T10:19:12.043Z] [INFO   ] Generating summary files…
[2026-05-19T10:19:12.217Z] [INFO   ] Saving comments…
[2026-05-19T10:19:12.224Z] [INFO   ] Saving links…
[2026-05-19T10:19:12.233Z] [INFO   ] Saving subtasks…
[2026-05-19T10:19:12.238Z] [INFO   ] Downloading 0 attachment(s)…
[2026-05-19T10:19:12.243Z] [INFO   ] Building complete_ticket_context.md…
[2026-05-19T10:19:12.251Z] [INFO   ] ──────────────────── DONE ────────────────────
[2026-05-19T10:19:12.252Z] [SUCCESS] Output: C:\Users\NeelmaVempada\First_Project_Agentic\jira-output\UWB-2
[2026-05-21T09:12:16.360Z] [INFO   ] ──────────────────── UWB-2 ────────────────────
[2026-05-21T09:12:16.367Z] [INFO   ] Validating ticket UWB-2…
[2026-05-21T09:12:17.515Z] [SUCCESS] Ticket found
[2026-05-21T09:12:17.520Z] [INFO   ] Folder structure ready: C:\Users\NeelmaVempada\First_Project_Agentic\jira-output\UWB-2
[2026-05-21T09:12:17.522Z] [INFO   ] Fetching issue: UWB-2
[2026-05-21T09:12:17.529Z] [INFO   ] Fetching comments…
[2026-05-21T09:12:17.537Z] [INFO   ] Fetching changelog…
[2026-05-21T09:12:18.638Z] [INFO   ]   → 1 comment(s)
[2026-05-21T09:12:18.651Z] [INFO   ]   → 20 history entries
[2026-05-21T09:12:18.762Z] [INFO   ] Fetching sprint via Agile API…
[2026-05-21T09:12:19.759Z] [INFO   ] Fetching remote links…
[2026-05-21T09:12:20.662Z] [INFO   ] Resolving 7 mentioned user(s)…
[2026-05-21T09:12:21.694Z] [INFO   ]   → resolved: Milica Kosic, Sahitya Muppireddy, Ziad Elharaoui, annapurna.rudrabhatla, Rahul Dube, Abdul Adnan, Akhelaaditya
[2026-05-21T09:12:21.696Z] [INFO   ] Saving metadata…
[2026-05-21T09:12:21.701Z] [INFO   ] Generating summary files…
[2026-05-21T09:12:21.896Z] [INFO   ] Saving comments…
[2026-05-21T09:12:21.904Z] [INFO   ] Saving links…
[2026-05-21T09:12:21.913Z] [INFO   ] Saving subtasks…
[2026-05-21T09:12:21.918Z] [INFO   ] Downloading 0 attachment(s)…
[2026-05-21T09:12:21.923Z] [INFO   ] Building complete_ticket_context.md…
[2026-05-21T09:12:21.934Z] [INFO   ] ──────────────────── DONE ────────────────────
[2026-05-21T09:12:21.936Z] [SUCCESS] Output: C:\Users\NeelmaVempada\First_Project_Agentic\jira-output\UWB-2
