[2026-05-15T10:40:10.202Z] [INFO   ] ──────────────────── BOSLFS-1626 ────────────────────
[2026-05-15T10:40:10.204Z] [INFO   ] Validating ticket BOSLFS-1626…
[2026-05-15T10:40:10.734Z] [SUCCESS] Ticket found
[2026-05-15T10:40:10.740Z] [INFO   ] Folder structure ready: C:\Users\NeelmaVempada\First_Project_Agentic\jira-output\BOSLFS-1626
[2026-05-15T10:40:10.740Z] [INFO   ] Fetching issue: BOSLFS-1626
[2026-05-15T10:40:10.742Z] [INFO   ] Fetching comments…
[2026-05-15T10:40:10.744Z] [INFO   ] Fetching changelog…
[2026-05-15T10:40:11.831Z] [INFO   ]   → 2 comment(s)
[2026-05-15T10:40:11.896Z] [INFO   ]   → 32 history entries
[2026-05-15T10:40:11.898Z] [INFO   ] Fetching remote links…
[2026-05-15T10:40:12.257Z] [INFO   ] Resolving 3 mentioned user(s)…
[2026-05-15T10:40:13.273Z] [INFO   ]   → resolved: Neelima Vempada, jean.lopez, Veera Sai Prakash Devu
[2026-05-15T10:40:13.274Z] [INFO   ] Saving metadata…
[2026-05-15T10:40:13.280Z] [INFO   ] Generating summary files…
[2026-05-15T10:40:13.322Z] [INFO   ] Saving comments…
[2026-05-15T10:40:13.330Z] [INFO   ] Saving links…
[2026-05-15T10:40:13.340Z] [INFO   ] Saving subtasks…
[2026-05-15T10:40:13.343Z] [INFO   ] Downloading 0 attachment(s)…
[2026-05-15T10:40:13.347Z] [INFO   ] Building complete_ticket_context.md…
[2026-05-15T10:40:13.353Z] [INFO   ] ──────────────────── DONE ────────────────────
[2026-05-15T10:40:13.356Z] [SUCCESS] Output: C:\Users\NeelmaVempada\First_Project_Agentic\jira-output\BOSLFS-1626
