[2026-05-15T09:37:08.908Z] [INFO   ] ──────────────────── BOSLFS-1584 ────────────────────
[2026-05-15T09:37:08.911Z] [INFO   ] Validating ticket BOSLFS-1584…
[2026-05-15T09:37:10.116Z] [SUCCESS] Ticket found
[2026-05-15T09:37:10.129Z] [INFO   ] Folder structure ready: C:\Users\NeelmaVempada\First_Project_Agentic\jira-output\BOSLFS-1584
[2026-05-15T09:37:10.131Z] [INFO   ] Fetching issue: BOSLFS-1584
[2026-05-15T09:37:10.138Z] [INFO   ] Fetching comments…
[2026-05-15T09:37:10.148Z] [INFO   ] Fetching changelog…
[2026-05-15T09:37:11.346Z] [INFO   ]   → 16 comment(s)
[2026-05-15T09:37:11.418Z] [INFO   ]   → 49 history entries
[2026-05-15T09:37:11.598Z] [INFO   ] Fetching remote links…
[2026-05-15T09:37:12.691Z] [INFO   ] Saving metadata…
[2026-05-15T09:37:12.702Z] [INFO   ] Generating summary files…
[2026-05-15T09:37:12.731Z] [INFO   ] Saving comments…
[2026-05-15T09:37:12.734Z] [INFO   ] Saving links…
[2026-05-15T09:37:12.736Z] [INFO   ] Saving subtasks…
[2026-05-15T09:37:12.737Z] [INFO   ] Downloading 0 attachment(s)…
[2026-05-15T09:37:12.738Z] [INFO   ] Building complete_ticket_context.md…
[2026-05-15T09:37:12.741Z] [INFO   ] ──────────────────── DONE ────────────────────
[2026-05-15T09:37:12.741Z] [SUCCESS] Output: C:\Users\NeelmaVempada\First_Project_Agentic\jira-output\BOSLFS-1584
[2026-05-15T09:54:19.928Z] [INFO   ] ──────────────────── BOSLFS-1584 ────────────────────
[2026-05-15T09:54:19.930Z] [INFO   ] Validating ticket BOSLFS-1584…
[2026-05-15T09:54:21.121Z] [SUCCESS] Ticket found
[2026-05-15T09:54:21.123Z] [INFO   ] Folder structure ready: C:\Users\NeelmaVempada\First_Project_Agentic\jira-output\BOSLFS-1584
[2026-05-15T09:54:21.125Z] [INFO   ] Fetching issue: BOSLFS-1584
[2026-05-15T09:54:21.130Z] [INFO   ] Fetching comments…
[2026-05-15T09:54:21.140Z] [INFO   ] Fetching changelog…
[2026-05-15T09:54:22.262Z] [INFO   ]   → 49 history entries
[2026-05-15T09:54:22.285Z] [INFO   ]   → 16 comment(s)
[2026-05-15T09:54:22.414Z] [INFO   ] Fetching remote links…
[2026-05-15T09:54:22.814Z] [INFO   ] Resolving 10 mentioned user(s)…
[2026-05-15T09:54:23.906Z] [INFO   ]   → resolved: Vernette Symphorien, Deepthi Kolli, Dwain Peter, jean.lopez, Carlene Charlemagne, Marcia George, Monette Johny Labanard, Amarnath Marupilla, Shivaji Gundabattina, Alexander Peña Melikhov
[2026-05-15T09:54:23.908Z] [INFO   ] Saving metadata…
[2026-05-15T09:54:23.914Z] [INFO   ] Generating summary files…
[2026-05-15T09:54:23.945Z] [INFO   ] Saving comments…
[2026-05-15T09:54:23.949Z] [INFO   ] Saving links…
[2026-05-15T09:54:23.954Z] [INFO   ] Saving subtasks…
[2026-05-15T09:54:23.957Z] [INFO   ] Downloading 0 attachment(s)…
[2026-05-15T09:54:23.958Z] [INFO   ] Building complete_ticket_context.md…
[2026-05-15T09:54:23.961Z] [INFO   ] ──────────────────── DONE ────────────────────
[2026-05-15T09:54:23.961Z] [SUCCESS] Output: C:\Users\NeelmaVempada\First_Project_Agentic\jira-output\BOSLFS-1584
