[2026-06-08T14:26:53.619Z] [INFO   ] ──────────────────── UWB-4 ────────────────────
[2026-06-08T14:26:53.623Z] [INFO   ] Validating ticket UWB-4…
[2026-06-08T14:26:54.704Z] [SUCCESS] Ticket found
[2026-06-08T14:26:54.721Z] [INFO   ] Folder structure ready: C:\Users\NeelmaVempada\First_Project_Agentic\jira-output\UWB-4
[2026-06-08T14:26:54.723Z] [INFO   ] Fetching issue: UWB-4
[2026-06-08T14:26:54.729Z] [INFO   ] Fetching comments…
[2026-06-08T14:26:54.736Z] [INFO   ] Fetching changelog…
[2026-06-08T14:26:55.789Z] [INFO   ]   → 12 history entries
[2026-06-08T14:26:55.812Z] [INFO   ]   → 1 comment(s)
[2026-06-08T14:26:55.813Z] [INFO   ] Fetching sprint via Agile API…
[2026-06-08T14:26:56.254Z] [INFO   ] Fetching remote links…
[2026-06-08T14:26:56.595Z] [INFO   ] Resolving 7 mentioned user(s)…
[2026-06-08T14:26:57.570Z] [INFO   ]   → resolved: Milica Kosic, Sahitya Muppireddy, Ziad Elharaoui, annapurna.rudrabhatla, Rahul Dube, Abdul Adnan, Akhelaaditya
[2026-06-08T14:26:57.572Z] [INFO   ] Saving metadata…
[2026-06-08T14:26:57.579Z] [INFO   ] Generating summary files…
[2026-06-08T14:26:57.610Z] [INFO   ] Saving comments…
[2026-06-08T14:26:57.611Z] [INFO   ] Saving links…
[2026-06-08T14:26:57.613Z] [INFO   ] Saving subtasks…
[2026-06-08T14:26:57.614Z] [INFO   ] Downloading 0 attachment(s)…
[2026-06-08T14:26:57.614Z] [INFO   ] Building complete_ticket_context.md…
[2026-06-08T14:26:57.616Z] [INFO   ] ──────────────────── DONE ────────────────────
[2026-06-08T14:26:57.616Z] [SUCCESS] Output: C:\Users\NeelmaVempada\First_Project_Agentic\jira-output\UWB-4
