[2026-06-21T17:27:38.850Z] [INFO   ] ──────────────────── UWB-12 ────────────────────
[2026-06-21T17:27:38.852Z] [INFO   ] Validating ticket UWB-12…
[2026-06-21T17:27:40.124Z] [SUCCESS] Ticket found
[2026-06-21T17:27:40.137Z] [INFO   ] Folder structure ready: C:\Users\NeelmaVempada\First_Project_Agentic\jira-output\UWB-12
[2026-06-21T17:27:40.138Z] [INFO   ] Fetching issue: UWB-12
[2026-06-21T17:27:40.141Z] [INFO   ] Fetching comments…
[2026-06-21T17:27:40.146Z] [INFO   ] Fetching changelog…
[2026-06-21T17:27:41.253Z] [INFO   ]   → 12 history entries
[2026-06-21T17:27:41.256Z] [INFO   ]   → 2 comment(s)
[2026-06-21T17:27:41.394Z] [INFO   ] Fetching sprint via Agile API…
[2026-06-21T17:27:41.858Z] [INFO   ] Fetching remote links…
[2026-06-21T17:27:42.778Z] [INFO   ] Resolving 4 mentioned user(s)…
[2026-06-21T17:27:43.703Z] [INFO   ]   → resolved: Milica Kosic, Sahitya Muppireddy, Ziad Elharaoui, Mythili T
[2026-06-21T17:27:43.704Z] [INFO   ] Saving metadata…
[2026-06-21T17:27:43.709Z] [INFO   ] Generating summary files…
[2026-06-21T17:27:43.765Z] [INFO   ] Saving comments…
[2026-06-21T17:27:43.770Z] [INFO   ] Saving links…
[2026-06-21T17:27:43.776Z] [INFO   ] Saving subtasks…
[2026-06-21T17:27:43.778Z] [INFO   ] Downloading 1 attachment(s)…
[2026-06-21T17:27:43.780Z] [INFO   ]   ↓ image-20260601-111826.png (662.2 KB)
[2026-06-21T17:27:45.876Z] [SUCCESS]   ✓ image-20260601-111826.png
[2026-06-21T17:27:45.878Z] [INFO   ] Building complete_ticket_context.md…
[2026-06-21T17:27:45.885Z] [INFO   ] ──────────────────── DONE ────────────────────
[2026-06-21T17:27:45.886Z] [SUCCESS] Output: C:\Users\NeelmaVempada\First_Project_Agentic\jira-output\UWB-12
