[2026-05-19T13:21:02.697Z] [INFO   ] ──────────────────── UWB-1 ────────────────────
[2026-05-19T13:21:02.700Z] [INFO   ] Validating ticket UWB-1…
[2026-05-19T13:21:03.866Z] [SUCCESS] Ticket found
[2026-05-19T13:21:03.883Z] [INFO   ] Folder structure ready: C:\Users\NeelmaVempada\First_Project_Agentic\jira-output\UWB-1
[2026-05-19T13:21:03.885Z] [INFO   ] Fetching issue: UWB-1
[2026-05-19T13:21:03.890Z] [INFO   ] Fetching comments…
[2026-05-19T13:21:03.898Z] [INFO   ] Fetching changelog…
[2026-05-19T13:21:04.915Z] [INFO   ]   → 5 comment(s)
[2026-05-19T13:21:04.929Z] [INFO   ]   → 27 history entries
[2026-05-19T13:21:04.932Z] [INFO   ] Fetching sprint via Agile API…
[2026-05-19T13:21:06.122Z] [INFO   ] Fetching remote links…
[2026-05-19T13:21:06.464Z] [INFO   ] Resolving 8 mentioned user(s)…
[2026-05-19T13:21:07.423Z] [INFO   ]   → resolved: Milica Kosic, Sahitya Muppireddy, Ziad Elharaoui, annapurna.rudrabhatla, Rahul Dube, Abdul Adnan, Akhelaaditya, Mythili T
[2026-05-19T13:21:07.424Z] [INFO   ] Saving metadata…
[2026-05-19T13:21:07.433Z] [INFO   ] Generating summary files…
[2026-05-19T13:21:07.473Z] [INFO   ] Saving comments…
[2026-05-19T13:21:07.482Z] [INFO   ] Saving links…
[2026-05-19T13:21:07.492Z] [INFO   ] Saving subtasks…
[2026-05-19T13:21:07.495Z] [INFO   ] Downloading 1 attachment(s)…
[2026-05-19T13:21:07.497Z] [INFO   ]   ↓ image-20260506-133759.png (22.2 KB)
[2026-05-19T13:21:08.364Z] [SUCCESS]   ✓ image-20260506-133759.png
[2026-05-19T13:21:08.367Z] [INFO   ] Building complete_ticket_context.md…
[2026-05-19T13:21:08.374Z] [INFO   ] ──────────────────── DONE ────────────────────
[2026-05-19T13:21:08.375Z] [SUCCESS] Output: C:\Users\NeelmaVempada\First_Project_Agentic\jira-output\UWB-1
[2026-05-19T13:44:49.799Z] [INFO   ] ──────────────────── UWB-1 ────────────────────
[2026-05-19T13:44:49.800Z] [INFO   ] Validating ticket UWB-1…
[2026-05-19T13:44:50.270Z] [SUCCESS] Ticket found
[2026-05-19T13:44:50.274Z] [INFO   ] Folder structure ready: C:\Users\NeelmaVempada\First_Project_Agentic\jira-output\UWB-1
[2026-05-19T13:44:50.276Z] [INFO   ] Fetching issue: UWB-1
[2026-05-19T13:44:50.279Z] [INFO   ] Fetching comments…
[2026-05-19T13:44:50.287Z] [INFO   ] Fetching changelog…
[2026-05-19T13:44:51.300Z] [INFO   ]   → 27 history entries
[2026-05-19T13:44:51.335Z] [INFO   ]   → 5 comment(s)
[2026-05-19T13:44:51.336Z] [INFO   ] Fetching sprint via Agile API…
[2026-05-19T13:44:52.395Z] [INFO   ] Fetching remote links…
[2026-05-19T13:44:52.780Z] [INFO   ] Resolving 8 mentioned user(s)…
[2026-05-19T13:44:53.814Z] [INFO   ]   → resolved: Milica Kosic, Sahitya Muppireddy, Ziad Elharaoui, annapurna.rudrabhatla, Rahul Dube, Abdul Adnan, Akhelaaditya, Mythili T
[2026-05-19T13:44:53.816Z] [INFO   ] Saving metadata…
[2026-05-19T13:44:53.826Z] [INFO   ] Generating summary files…
[2026-05-19T13:44:53.926Z] [INFO   ] Saving comments…
[2026-05-19T13:44:53.935Z] [INFO   ] Saving links…
[2026-05-19T13:44:53.946Z] [INFO   ] Saving subtasks…
[2026-05-19T13:44:53.950Z] [INFO   ] Downloading 1 attachment(s)…
[2026-05-19T13:44:53.955Z] [INFO   ]   ↓ image-20260506-133759.png (22.2 KB)
[2026-05-19T13:44:55.474Z] [SUCCESS]   ✓ image-20260506-133759.png
[2026-05-19T13:44:55.480Z] [INFO   ] Building complete_ticket_context.md…
[2026-05-19T13:44:55.496Z] [INFO   ] ──────────────────── DONE ────────────────────
[2026-05-19T13:44:55.498Z] [SUCCESS] Output: C:\Users\NeelmaVempada\First_Project_Agentic\jira-output\UWB-1
[2026-05-19T13:56:40.431Z] [INFO   ] ──────────────────── UWB-1 ────────────────────
[2026-05-19T13:56:40.438Z] [INFO   ] Validating ticket UWB-1…
[2026-05-19T13:56:41.630Z] [SUCCESS] Ticket found
[2026-05-19T13:56:41.638Z] [INFO   ] Folder structure ready: C:\Users\NeelmaVempada\First_Project_Agentic\jira-output\UWB-1
[2026-05-19T13:56:41.642Z] [INFO   ] Fetching issue: UWB-1
[2026-05-19T13:56:41.653Z] [INFO   ] Fetching comments…
[2026-05-19T13:56:41.668Z] [INFO   ] Fetching changelog…
[2026-05-19T13:56:42.721Z] [INFO   ]   → 27 history entries
[2026-05-19T13:56:42.851Z] [INFO   ]   → 5 comment(s)
[2026-05-19T13:56:42.936Z] [INFO   ] Fetching sprint via Agile API…
[2026-05-19T13:56:43.959Z] [INFO   ] Fetching remote links…
[2026-05-19T13:56:44.857Z] [INFO   ] Resolving 8 mentioned user(s)…
[2026-05-19T13:56:45.901Z] [INFO   ]   → resolved: Milica Kosic, Sahitya Muppireddy, Ziad Elharaoui, annapurna.rudrabhatla, Rahul Dube, Abdul Adnan, Akhelaaditya, Mythili T
[2026-05-19T13:56:45.904Z] [INFO   ] Saving metadata…
[2026-05-19T13:56:45.920Z] [INFO   ] Generating summary files…
[2026-05-19T13:56:46.073Z] [INFO   ] Saving comments…
[2026-05-19T13:56:46.099Z] [INFO   ] Saving links…
[2026-05-19T13:56:46.110Z] [INFO   ] Saving subtasks…
[2026-05-19T13:56:46.119Z] [INFO   ] Downloading 1 attachment(s)…
[2026-05-19T13:56:46.128Z] [INFO   ]   ↓ image-20260506-133759.png (22.2 KB)
[2026-05-19T13:56:47.608Z] [SUCCESS]   ✓ image-20260506-133759.png
[2026-05-19T13:56:47.613Z] [INFO   ] Building complete_ticket_context.md…
[2026-05-19T13:56:47.634Z] [INFO   ] ──────────────────── DONE ────────────────────
[2026-05-19T13:56:47.636Z] [SUCCESS] Output: C:\Users\NeelmaVempada\First_Project_Agentic\jira-output\UWB-1
